################################################################################
#                                                                              #
#      IAR Universal Linker V6.3.2.73                                          #
#                                                                              #
#           Link time     =  03/Aug/2015  13:59:27                             #
#           Target CPU    =  A90                                               #
#           List file     =  C:\Users\alex\Documents\IAR\Debug\List\test.map   #
#           Output file 1 =  C:\Users\alex\Documents\IAR\Debug\Exe\test.a90    #
#                            Format: intel-extended                            #
#           Command line  =  C:\Users\alex\Documents\IAR\Debug\Obj\main.r90    #
#                            -o                                                #
#                            C:\Users\alex\Documents\IAR\Debug\Exe\test.a90    #
#                            -Fintel-extended -l                               #
#                            C:\Users\alex\Documents\IAR\Debug\List\test.map   #
#                            -xms                                              #
#                            "-IC:\Program Files (x86)\IAR Systems\Embedded Wo #
#                            rkbench 7.2\avr\LIB\"                             #
#                            -f                                                #
#                            "C:\Program Files (x86)\IAR Systems\Embedded Work #
#                            bench 7.2\avr\src\template\cfgm128.xcl"           #
#                            (-D_..X_INTVEC_SIZE=8C -D_..X_FLASH_NEND=FFFF     #
#                            -D_..X_FLASH_END=1FFFF -D_..X_SRAM_BASE=100       #
#                            -D_..X_SRAM_TBASE=0 -D_..X_SRAM_TSIZE=0           #
#                            -D_..X_SRAM_END=10FF -D_..X_EEPROM_END=FFF        #
#                            -D_..X_EEPROM_START=0) -D_..X_HEAP_SIZE=0         #
#                            -D_..X_TINY_HEAP_SIZE=0                           #
#                            -D_..X_NEAR_HEAP_SIZE=20 -D_..X_FAR_HEAP_SIZE=0   #
#                            -D_..X_HUGE_HEAP_SIZE=0 -D_..X_CSTACK_SIZE=20     #
#                            -D_..X_RSTACK_SIZE=20                             #
#                            -D_..X_FLASH_CODE_END=1FFFF -f                    #
#                            "C:\Program Files (x86)\IAR Systems\Embedded Work #
#                            bench 7.2\avr\src\template\cfg3soim.xcl"          #
#                            (-ca90 -w29                                       #
#                            -Z(CODE)INTVEC=0-(_..X_INTVEC_SIZE-1)             #
#                            -Z(CODE)TINY_F=_..X_FLASH_BASE-FF                 #
#                            -Z(CODE)NEAR_F=_..X_FLASH_BASE-_..X_FLASH_NEND    #
#                            -Z(CODE)SWITCH=_..X_FLASH_BASE-_..X_FLASH_NEND    #
#                            -Z(CODE)DIFUNCT=_..X_FLASH_BASE-_..X_FLASH_NEND   #
#                            -Z(CODE)CODE=_..X_FLASH_BASE-_..X_FLASH_END       #
#                            -P(CODE)FAR_F=[_..X_FLASH_BASE-_..X_FLASH_END]/10 #
#                            000                                               #
#                            -Z(CODE)INITTAB=_..X_FLASH_BASE-_..X_FLASH_END    #
#                            -Z(CODE)HUGE_F=_..X_FLASH_BASE-_..X_FLASH_END     #
#                            -Z(CODE)TINY_ID=_..X_FLASH_BASE-_..X_FLASH_END    #
#                            -Z(CODE)NEAR_ID=_..X_FLASH_BASE-_..X_FLASH_END    #
#                            -Z(CODE)CHECKSUM#_..X_FLASH_END                   #
#                            -Z(DATA)TINY_I,TINY_Z,TINY_N=_..X_SRAM_TBASE:+_.. #
#                            X_SRAM_TSIZE                                      #
#                            -Z(DATA)CSTACK+_..X_CSTACK_SIZE=_..X_CSTACK_BASE- #
#                            _..X_CSTACK_END                                   #
#                            -Z(DATA)HEAP+_..X_HEAP_SIZE=_..X_SRAM_BASE-_..X_S #
#                            RAM_END                                           #
#                            -Z(DATA)IOSTREAM_N#_..X_SRAM_BASE-_..X_SRAM_END   #
#                            -Z(DATA)NEAR_HEAP+_..X_NEAR_HEAP_SIZE=_..X_SRAM_B #
#                            ASE-_..X_SRAM_END                                 #
#                            -Z(DATA)RSTACK+_..X_RSTACK_SIZE=_..X_RSTACK_BASE- #
#                            _..X_RSTACK_END                                   #
#                            -Z(DATA)NEAR_I,NEAR_Z,NEAR_N=_..X_SRAM_BASE-_..X_ #
#                            SRAM_END                                          #
#                            -Z(XDATA)EEPROM_I,EEPROM_N=_..X_EEPROM_START-_..X #
#                            _EEPROM_END)                                      #
#                            -D_..X_FLASH_BASE=_..X_INTVEC_SIZE -H1895         #
#                            -h(CODE)0-(_..X_INTVEC_SIZE-1)                    #
#                            -D_..X_EXT_SRAM_BASE=_..X_SRAM_END                #
#                            -D_..X_EXT_SRAM_SIZE=0                            #
#                            -D_..X_EXT_ROM_BASE=_..X_SRAM_END                 #
#                            -D_..X_EXT_ROM_SIZE=0                             #
#                            -D_..X_EXT_NV_BASE=_..X_SRAM_END                  #
#                            -D_..X_EXT_NV_SIZE=0                              #
#                            -D_..X_CSTACK_BASE=_..X_SRAM_BASE                 #
#                            -D_..X_CSTACK_END=_..X_SRAM_END                   #
#                            -D_..X_RSTACK_BASE=_..X_SRAM_BASE                 #
#                            -D_..X_RSTACK_END=_..X_SRAM_END -s                #
#                            __program_start                                   #
#                            "C:\Program Files (x86)\IAR Systems\Embedded Work #
#                            bench 7.2\avr\LIB\DLIB\dlAVR-3s-ec_mul-n.r90"     #
#                            -e_PrintfLarge=_Printf -e_ScanfLarge=_Scanf       #
#                                                                              #
#                           Copyright (C) 1987-2015 IAR Systems AB.            #
################################################################################





                ****************************************
                *                                      *
                *           CROSS REFERENCE            *
                *                                      *
                ****************************************

       Program entry at : CODE      00000284  Relocatable, from module : ?C_STARTUP




                ****************************************
                *                                      *
                *            RUNTIME MODEL             *
                *                                      *
                ****************************************

  R10                        = REG
  R11                        = REG
  R4                         = REG
  R5                         = REG
  R6                         = REG
  R7                         = REG
  R8                         = REG
  R9                         = REG
  __64bit_doubles            = disabled
  __Heap_Handler             = Basic
  __SystemLibrary            = DLib
  __cpu                      = 3
  __cpu_name                 = ATmega128
  __dlib_file_descriptor     = 0
  __dlib_full_locale_support = 0
  __enhanced_core            = enabled
  __has_elpm                 = true
  __memory_model             = 2
  __no_rampd                 = enabled
  __rt_version               = 3
  __tiny_avr                 = false

                ****************************************
                *                                      *
                *    AUTOMATIC SYMBOL REDIRECTIONS     *
                *                                      *
                ****************************************

                  There are no automatic symbol redirections.



                ****************************************
                *                                      *
                *              MODULE MAP              *
                *                                      *
                ****************************************


  DEFINED ABSOLUTE ENTRIES
  PROGRAM MODULE, NAME : ?ABS_ENTRY_MOD

Absolute parts
           ENTRY                   ADDRESS         REF BY
           =====                   =======         ======
           _..X_RSTACK_END         000010FF 
           _..X_RSTACK_BASE        00000100 
           _..X_CSTACK_END         000010FF 
           _..X_CSTACK_BASE        00000100 
           _..X_EXT_NV_SIZE        00000000 
           _..X_EXT_NV_BASE        000010FF 
           _..X_EXT_ROM_SIZE       00000000 
           _..X_EXT_ROM_BASE       000010FF 
           _..X_EXT_SRAM_SIZE      00000000 
           _..X_EXT_SRAM_BASE      000010FF 
           _..X_FLASH_BASE         0000008C 
           _..X_FLASH_CODE_END     0001FFFF 
           _..X_RSTACK_SIZE        00000020 
           _..X_CSTACK_SIZE        00000020 
           _..X_HUGE_HEAP_SIZE     00000000 
           _..X_FAR_HEAP_SIZE      00000000 
           _..X_NEAR_HEAP_SIZE     00000020 
           _..X_TINY_HEAP_SIZE     00000000 
           _..X_HEAP_SIZE          00000000 
           _..X_EEPROM_START       00000000 
           _..X_EEPROM_END         00000FFF 
           _..X_SRAM_END           000010FF 
           _..X_SRAM_TSIZE         00000000 
           _..X_SRAM_TBASE         00000000 
           _..X_SRAM_BASE          00000100 
           _..X_FLASH_END          0001FFFF 
           _..X_FLASH_NEND         0000FFFF 
           _..X_INTVEC_SIZE        0000008C 
    *************************************************************************

  FILE NAME : C:\Users\alex\Documents\IAR\Debug\Obj\main.r90
  PROGRAM MODULE, NAME : main

  SEGMENTS IN THE MODULE
  ======================
CODE
  Relative segment, address: CODE 0000008C - 00000091 (0x6 bytes), align: 1
  Segment part 22.            Intra module refs:   test1
           ENTRY                   ADDRESS         REF BY
           =====                   =======         ======
           memchr                  0000008C 
               calls direct
    -------------------------------------------------------------------------
CODE
  Relative segment, address: CODE 00000092 - 00000097 (0x6 bytes), align: 1
  Segment part 23.            Intra module refs:   test1
           ENTRY                   ADDRESS         REF BY
           =====                   =======         ======
           strchr                  00000092 
               calls direct
    -------------------------------------------------------------------------
CODE
  Relative segment, address: CODE 00000098 - 0000009D (0x6 bytes), align: 1
  Segment part 24.            Intra module refs:   test1
           ENTRY                   ADDRESS         REF BY
           =====                   =======         ======
           strpbrk                 00000098 
               calls direct
    -------------------------------------------------------------------------
CODE
  Relative segment, address: CODE 0000009E - 000000A3 (0x6 bytes), align: 1
  Segment part 25.            Intra module refs:   test1
           ENTRY                   ADDRESS         REF BY
           =====                   =======         ======
           strrchr                 0000009E 
               calls direct
    -------------------------------------------------------------------------
CODE
  Relative segment, address: CODE 000000A4 - 000000A9 (0x6 bytes), align: 1
  Segment part 26.            Intra module refs:   test1
           ENTRY                   ADDRESS         REF BY
           =====                   =======         ======
           strstr                  000000A4 
               calls direct
    -------------------------------------------------------------------------
ABSOLUTE
  Relative segment, address: DATA 00000036 - 00000036 (0x1 bytes), align: 0
  Segment part 1. ROOT        Intra module refs:   main
           ENTRY                   ADDRESS         REF BY
           =====                   =======         ======
           _A_PINB                 00000036 
           LOCAL                   ADDRESS         
           =====                   =======         
           PINB                    00000036 
    -------------------------------------------------------------------------
ABSOLUTE
  Relative segment, address: DATA 00000037 - 00000037 (0x1 bytes), align: 0
  Segment part 2. ROOT        Intra module refs:   main
           ENTRY                   ADDRESS         REF BY
           =====                   =======         ======
           _A_DDRB                 00000037 
           LOCAL                   ADDRESS         
           =====                   =======         
           DDRB                    00000037 
    -------------------------------------------------------------------------
ABSOLUTE
  Relative segment, address: DATA 00000039 - 00000039 (0x1 bytes), align: 0
  Segment part 3. ROOT        Intra module refs:   main
           ENTRY                   ADDRESS         REF BY
           =====                   =======         ======
           _A_PINA                 00000039 
           LOCAL                   ADDRESS         
           =====                   =======         
           PINA                    00000039 
    -------------------------------------------------------------------------
ABSOLUTE
  Relative segment, address: DATA 0000003A - 0000003A (0x1 bytes), align: 0
  Segment part 4. ROOT        Intra module refs:   main
           ENTRY                   ADDRESS         REF BY
           =====                   =======         ======
           _A_DDRA                 0000003A 
           LOCAL                   ADDRESS         
           =====                   =======         
           DDRA                    0000003A 
    -------------------------------------------------------------------------
NEAR_I
  Relative segment, address: DATA 00000140 - 00000158 (0x19 bytes), align: 0
  Segment part 11.            Intra module refs:   test1
    -------------------------------------------------------------------------
NEAR_I
  Relative segment, address: DATA 00000159 - 00000172 (0x1a bytes), align: 0
  Segment part 14.            Intra module refs:   main
    -------------------------------------------------------------------------
NEAR_I
  Relative segment, address: DATA 00000173 - 0000017B (0x9 bytes), align: 0
  Segment part 18.            Intra module refs:   test1
           ENTRY                   ADDRESS         REF BY
           =====                   =======         ======
           fstr2                   00000173 
    -------------------------------------------------------------------------
CODE
  Relative segment, address: CODE 000000AA - 000001B3 (0x10a bytes), align: 1
  Segment part 27.            Intra module refs:   main
           ENTRY                   ADDRESS         REF BY
           =====                   =======         ======
           test1                   000000AA 
               calls direct
    -------------------------------------------------------------------------
CODE
  Relative segment, address: CODE 000001B4 - 0000027F (0xcc bytes), align: 1
  Segment part 28.
           ENTRY                   ADDRESS         REF BY
           =====                   =======         ======
           main                    000001B4        ?cstartup_call_main (?C_STARTUP)
               calls direct
    -------------------------------------------------------------------------
ABSOLUTE
  Relative segment, address: DATA 0000001C, align: 0
  Segment part 5. ROOT 
           ENTRY                   ADDRESS         REF BY
           =====                   =======         ======
           __?EECR                 0000001C 
    -------------------------------------------------------------------------
ABSOLUTE
  Relative segment, address: DATA 0000001D, align: 0
  Segment part 6. ROOT 
           ENTRY                   ADDRESS         REF BY
           =====                   =======         ======
           __?EEDR                 0000001D 
    -------------------------------------------------------------------------
ABSOLUTE
  Relative segment, address: DATA 0000001E, align: 0
  Segment part 7. ROOT 
           ENTRY                   ADDRESS         REF BY
           =====                   =======         ======
           __?EEARL                0000001E 
    -------------------------------------------------------------------------
ABSOLUTE
  Relative segment, address: DATA 0000001F, align: 0
  Segment part 8. ROOT 
           ENTRY                   ADDRESS         REF BY
           =====                   =======         ======
           __?EEARH                0000001F 
    -------------------------------------------------------------------------
NEAR_ID
  Relative segment, address: CODE 0000099E - 000009B6 (0x19 bytes), align: 0
  Segment part 12.            Intra module refs:   Segment part 11
    -------------------------------------------------------------------------
INITTAB
  Relative segment, address: CODE 00000990 - 00000996 (0x7 bytes), align: 0
  Segment part 13.            Intra module refs:   Segment part 11
                                                   Segment part 14
                                                   fstr2
           ENTRY                   ADDRESS         REF BY
           =====                   =======         ======
           ?<Segment init: NEAR_I>
                                   00000990 
    -------------------------------------------------------------------------
NEAR_ID
  Relative segment, address: CODE 000009B7 - 000009D0 (0x1a bytes), align: 0
  Segment part 15.            Intra module refs:   Segment part 14
    -------------------------------------------------------------------------
NEAR_ID
  Relative segment, address: CODE 000009D1 - 000009D9 (0x9 bytes), align: 0
  Segment part 19.            Intra module refs:   fstr2

    *************************************************************************

  FILE NAME : C:\Program Files (x86)\IAR Systems\Embedded Workbench 7.2\avr\LIB\DLIB\dlAVR-3s-ec_mul-n.r90
  LIBRARY MODULE, NAME : ?_exit

  SEGMENTS IN THE MODULE
  ======================
CODE
  Relative segment, address: CODE 00000280, align: 1
  Segment part 0.
           ENTRY                   ADDRESS         REF BY
           =====                   =======         ======
           _exit                   00000280        ?cstartup_call_main (?C_STARTUP)
                                                   exit (?exit)
    -------------------------------------------------------------------------
CODE
  Relative segment, address: CODE 00000280 - 00000283 (0x4 bytes), align: 1
  Segment part 5.             Intra module refs:   _exit

    -------------------------------------------------------------------------
  LIBRARY MODULE, NAME : ?cppinit

  SEGMENTS IN THE MODULE
  ======================
INITTAB
  Relative segment, address: CODE 00000997 - 0000099D (0x7 bytes), align: 0
  Segment part 4.             Intra module refs:   Segment part 3 (?strtok)
           ENTRY                   ADDRESS         REF BY
           =====                   =======         ======
           ?<Segment init: NEAR_Z>
                                   00000997 

    -------------------------------------------------------------------------
  LIBRARY MODULE, NAME : ?RESET

  SEGMENTS IN THE MODULE
  ======================
INTVEC
  Common segment, address: CODE 00000000 - 00000003 (0x4 bytes), align: 1
  Segment part 0. ROOT 
           ENTRY                   ADDRESS         REF BY
           =====                   =======         ======
           ?RESET                  00000000        Segment part 2 (?C_STARTUP)

    -------------------------------------------------------------------------
  LIBRARY MODULE, NAME : ?C_STARTUP

  SEGMENTS IN THE MODULE
  ======================
CODE
  Relative segment, address: CODE 00000284, align: 1
  Segment part 2.
           ENTRY                   ADDRESS         REF BY
           =====                   =======         ======
           __program_start         00000284        Absolute parts (?ABS_ENTRY_MOD)
           ?C_STARTUP              00000284        ?RESET (?RESET)
           __RESTART               00000284 
    -------------------------------------------------------------------------
CODE
  Relative segment, address: CODE 00000284 - 0000028F (0xc bytes), align: 1
  Segment part 5.             Intra module refs:   Segment part 2
    -------------------------------------------------------------------------
CODE
  Relative segment, address: CODE 00000290 - 00000293 (0x4 bytes), align: 1
  Segment part 7.             Intra module refs:   Segment part 5
           ENTRY                   ADDRESS         REF BY
           =====                   =======         ======
           ?call_low_level_init    00000290 
    -------------------------------------------------------------------------
CODE
  Relative segment, address: CODE 00000294 - 0000029B (0x8 bytes), align: 1
  Segment part 8.
           ENTRY                   ADDRESS         REF BY
           =====                   =======         ======
           ?need_segment_init      00000294        ?<Segment init: NEAR_I> (main)
                                                   ?<Segment init: NEAR_Z> (?cppinit)
    -------------------------------------------------------------------------
CODE
  Relative segment, address: CODE 0000029C - 000002A7 (0xc bytes), align: 1
  Segment part 11.            Intra module refs:   ?call_low_level_init
           ENTRY                   ADDRESS         REF BY
           =====                   =======         ======
           ?cstartup_call_main     0000029C 

    -------------------------------------------------------------------------
  LIBRARY MODULE, NAME : ?exit

  SEGMENTS IN THE MODULE
  ======================
CODE
  Relative segment, address: CODE 000002A8 - 000002AB (0x4 bytes), align: 1
  Segment part 3.
           ENTRY                   ADDRESS         REF BY
           =====                   =======         ======
           exit                    000002A8        ?cstartup_call_main (?C_STARTUP)
               calls direct

    -------------------------------------------------------------------------
  LIBRARY MODULE, NAME : ?UL_SHR_L03

  SEGMENTS IN THE MODULE
  ======================
CODE
  Relative segment, address: CODE 000002AC - 000002B9 (0xe bytes), align: 1
  Segment part 0.
           ENTRY                   ADDRESS         REF BY
           =====                   =======         ======
           ?UL_SHR_L03             000002B4        ?SKIP8 (?FLOATS_L04)

    -------------------------------------------------------------------------
  LIBRARY MODULE, NAME : ?SL_DIVMOD_L03

  SEGMENTS IN THE MODULE
  ======================
CODE
  Relative segment, address: CODE 000002BA - 000002C9 (0x10 bytes), align: 1
  Segment part 1.
           ENTRY                   ADDRESS         REF BY
           =====                   =======         ======
           ?L_NEG_L03              000002BA        ?SKIP8 (?FLOATS_L04)
                                                   ?SL2F_L04 (?FLOATS_L04)

    -------------------------------------------------------------------------
  LIBRARY MODULE, NAME : ?FLOATS_L04

  SEGMENTS IN THE MODULE
  ======================
CODE
  Relative segment, address: CODE 000002CA - 000002DD (0x14 bytes), align: 1
  Segment part 0.             Intra module refs:   ?F_ADD_L04
                                                   ?F_MUL_L04
           LOCAL                   ADDRESS         
           =====                   =======         
           ?F_UNPACK_L04           000002CA 
    -------------------------------------------------------------------------
CODE
  Relative segment, address: CODE 000002DE - 000002F3 (0x16 bytes), align: 1
  Segment part 1.             Intra module refs:   ?F2SL_L04
                                                   ?F_UNPACK_L04
           LOCAL                   ADDRESS         
           =====                   =======         
           ?F_UNPACK_1_L04         000002DE 
    -------------------------------------------------------------------------
CODE
  Relative segment, address: CODE 000002F4 - 00000347 (0x54 bytes), align: 1
  Segment part 2.             Intra module refs:   ?F_ADD_L04
                                                   ?F_MUL_L04
                                                   ?SL2F_2_L04
           ENTRY                   ADDRESS         REF BY
           =====                   =======         ======
           ?F_ROUND_L04            00000314 
           LOCAL                   ADDRESS         
           =====                   =======         
           ?F_NORMALIZE_L04        00000302 
    -------------------------------------------------------------------------
CODE
  Relative segment, address: CODE 00000348 - 00000349 (0x2 bytes), align: 1
  Segment part 4.             Intra module refs:   ?F_ROUND_L04
    -------------------------------------------------------------------------
CODE
  Relative segment, address: CODE 0000034A - 00000353 (0xa bytes), align: 1
  Segment part 5.
           ENTRY                   ADDRESS         REF BY
           =====                   =======         ======
           ?SL2F_L04               0000034A        main (main)
    -------------------------------------------------------------------------
CODE
  Relative segment, address: CODE 00000354 - 0000035F (0xc bytes), align: 1
  Segment part 6.             Intra module refs:   ?SL2F_L04
           LOCAL                   ADDRESS         
           =====                   =======         
           ?SL2F_2_L04             00000354 
    -------------------------------------------------------------------------
CODE
  Relative segment, address: CODE 00000360 - 00000371 (0x12 bytes), align: 1
  Segment part 9.
           ENTRY                   ADDRESS         REF BY
           =====                   =======         ======
           ?F2SL_L04               00000360        main (main)
    -------------------------------------------------------------------------
CODE
  Relative segment, address: CODE 00000372 - 00000395 (0x24 bytes), align: 1
  Segment part 10.            Intra module refs:   ?F2SL_L04
           LOCAL                   ADDRESS         
           =====                   =======         
           ?SKIP8                  00000372 
    -------------------------------------------------------------------------
CODE
  Relative segment, address: CODE 00000396 - 000003C3 (0x2e bytes), align: 1
  Segment part 11.            Intra module refs:   ?F_ADD_L04
                                                   ?F_MUL_L04
                                                   ?TEST_Q
           ENTRY                   ADDRESS         REF BY
           =====                   =======         ======
           ?TEST_P_L04             00000396 
    -------------------------------------------------------------------------
CODE
  Relative segment, address: CODE 000003C4 - 000003E3 (0x20 bytes), align: 1
  Segment part 12.            Intra module refs:   ?F_ADD_L04
                                                   ?F_MUL_L04
                                                   Segment part 19
           LOCAL                   ADDRESS         
           =====                   =======         
           ?TEST_Q                 000003C4 
    -------------------------------------------------------------------------
CODE
  Relative segment, address: CODE 000003E4 - 0000048B (0xa8 bytes), align: 1
  Segment part 13.            Intra module refs:   Segment part 19
           ENTRY                   ADDRESS         REF BY
           =====                   =======         ======
           ?F_ADD_L04              00000404 
    -------------------------------------------------------------------------
CODE
  Relative segment, address: CODE 0000048C - 00000491 (0x6 bytes), align: 1
  Segment part 15.            Intra module refs:   ?F2SL_L04
                                                   ?F_MUL_L04
                                                   ?SKIP8
           ENTRY                   ADDRESS         REF BY
           =====                   =======         ======
           ?F_ZERO_L04             0000048C 
    -------------------------------------------------------------------------
CODE
  Relative segment, address: CODE 00000492 - 00000497 (0x6 bytes), align: 1
  Segment part 16.            Intra module refs:   ?F_INFINITE_L04
                                                   ?F_NAN_L04
                                                   ?F_ZERO_L04
           LOCAL                   ADDRESS         
           =====                   =======         
           PX                      00000492 
    -------------------------------------------------------------------------
CODE
  Relative segment, address: CODE 00000498 - 0000049F (0x8 bytes), align: 1
  Segment part 17.            Intra module refs:   ?F_MUL_L04
                                                   Segment part 4
           ENTRY                   ADDRESS         REF BY
           =====                   =======         ======
           ?F_INFINITE_L04         00000498 
    -------------------------------------------------------------------------
CODE
  Relative segment, address: CODE 000004A0 - 000004A5 (0x6 bytes), align: 1
  Segment part 18.            Intra module refs:   ?F_ADD_L04
                                                   ?F_MUL_L04
                                                   Segment part 19
           ENTRY                   ADDRESS         REF BY
           =====                   =======         ======
           ?F_NAN_L04              000004A0 
    -------------------------------------------------------------------------
CODE
  Relative segment, address: CODE 000004A6 - 000004BF (0x1a bytes), align: 1
  Segment part 19.            Intra module refs:   ?F_MUL_L04
    -------------------------------------------------------------------------
CODE
  Relative segment, address: CODE 000004C0 - 00000595 (0xd6 bytes), align: 1
  Segment part 20.
           ENTRY                   ADDRESS         REF BY
           =====                   =======         ======
           ?F_MUL_L04              000004C0        main (main)

    -------------------------------------------------------------------------
  LIBRARY MODULE, NAME : ?MOVE_LONG_L07

  SEGMENTS IN THE MODULE
  ======================
CODE
  Relative segment, address: CODE 00000596 - 000005AB (0x16 bytes), align: 1
  Segment part 0.
           ENTRY                   ADDRESS         REF BY
           =====                   =======         ======
           ?ML_SRAM_SRAM_16_L07    00000596        main (main)
                                                   test1 (main)

    -------------------------------------------------------------------------
  LIBRARY MODULE, NAME : ?PROLOGUE_L09

  SEGMENTS IN THE MODULE
  ======================
CODE
  Relative segment, address: CODE 000005AC - 000005AD (0x2 bytes), align: 1
  Segment part 8.
           ENTRY                   ADDRESS         REF BY
           =====                   =======         ======
           ?PROLOGUE8_L09          000005AC        main (main)
    -------------------------------------------------------------------------
CODE
  Relative segment, address: CODE 000005AE - 000005AF (0x2 bytes), align: 1
  Segment part 9.             Intra module refs:   ?PROLOGUE8_L09
           ENTRY                   ADDRESS         REF BY
           =====                   =======         ======
           ?PROLOGUE7_L09          000005AE 
    -------------------------------------------------------------------------
CODE
  Relative segment, address: CODE 000005B0 - 000005B1 (0x2 bytes), align: 1
  Segment part 10.            Intra module refs:   ?PROLOGUE7_L09
           ENTRY                   ADDRESS         REF BY
           =====                   =======         ======
           ?PROLOGUE6_L09          000005B0        strtok (?strtok)
    -------------------------------------------------------------------------
CODE
  Relative segment, address: CODE 000005B2 - 000005B3 (0x2 bytes), align: 1
  Segment part 11.            Intra module refs:   ?PROLOGUE6_L09
           ENTRY                   ADDRESS         REF BY
           =====                   =======         ======
           ?PROLOGUE5_L09          000005B2 
    -------------------------------------------------------------------------
CODE
  Relative segment, address: CODE 000005B4 - 000005B5 (0x2 bytes), align: 1
  Segment part 12.            Intra module refs:   ?PROLOGUE5_L09
           ENTRY                   ADDRESS         REF BY
           =====                   =======         ======
           ?PROLOGUE4_L09          000005B4        __iar_Strstr (?strstr)
    -------------------------------------------------------------------------
CODE
  Relative segment, address: CODE 000005B6 - 000005B7 (0x2 bytes), align: 1
  Segment part 13.            Intra module refs:   ?PROLOGUE4_L09
           ENTRY                   ADDRESS         REF BY
           =====                   =======         ======
           ?PROLOGUE3_L09          000005B6 
    -------------------------------------------------------------------------
CODE
  Relative segment, address: CODE 000005B8 - 000005B9 (0x2 bytes), align: 1
  Segment part 14.            Intra module refs:   ?PROLOGUE3_L09
           ENTRY                   ADDRESS         REF BY
           =====                   =======         ======
           ?PROLOGUE2_L09          000005B8 
    -------------------------------------------------------------------------
CODE
  Relative segment, address: CODE 000005BA - 000005BB (0x2 bytes), align: 1
  Segment part 15.            Intra module refs:   ?PROLOGUE2_L09
           ENTRY                   ADDRESS         REF BY
           =====                   =======         ======
           ?PROLOGUE1_L09          000005BA 
    -------------------------------------------------------------------------
CODE
  Relative segment, address: CODE 000005BC - 000005BD (0x2 bytes), align: 1
  Segment part 16.            Intra module refs:   ?PROLOGUE1_L09

    -------------------------------------------------------------------------
  LIBRARY MODULE, NAME : ?EPILOGUE_B_L09

  SEGMENTS IN THE MODULE
  ======================
CODE
  Relative segment, address: CODE 000005BE - 000005BF (0x2 bytes), align: 1
  Segment part 10.
           ENTRY                   ADDRESS         REF BY
           =====                   =======         ======
           ?EPILOGUE_B6_L09        000005BE        strtok (?strtok)
    -------------------------------------------------------------------------
CODE
  Relative segment, address: CODE 000005C0 - 000005C1 (0x2 bytes), align: 1
  Segment part 11.            Intra module refs:   ?EPILOGUE_B6_L09
           ENTRY                   ADDRESS         REF BY
           =====                   =======         ======
           ?EPILOGUE_B5_L09        000005C0 
    -------------------------------------------------------------------------
CODE
  Relative segment, address: CODE 000005C2 - 000005C3 (0x2 bytes), align: 1
  Segment part 12.            Intra module refs:   ?EPILOGUE_B5_L09
           ENTRY                   ADDRESS         REF BY
           =====                   =======         ======
           ?EPILOGUE_B4_L09        000005C2        __iar_Strstr (?strstr)
    -------------------------------------------------------------------------
CODE
  Relative segment, address: CODE 000005C4 - 000005C5 (0x2 bytes), align: 1
  Segment part 13.            Intra module refs:   ?EPILOGUE_B4_L09
           ENTRY                   ADDRESS         REF BY
           =====                   =======         ======
           ?EPILOGUE_B3_L09        000005C4 
    -------------------------------------------------------------------------
CODE
  Relative segment, address: CODE 000005C6 - 000005C7 (0x2 bytes), align: 1
  Segment part 14.            Intra module refs:   ?EPILOGUE_B3_L09
           ENTRY                   ADDRESS         REF BY
           =====                   =======         ======
           ?EPILOGUE_B2_L09        000005C6 
    -------------------------------------------------------------------------
CODE
  Relative segment, address: CODE 000005C8 - 000005C9 (0x2 bytes), align: 1
  Segment part 15.            Intra module refs:   ?EPILOGUE_B2_L09
           ENTRY                   ADDRESS         REF BY
           =====                   =======         ======
           ?EPILOGUE_B1_L09        000005C8 
    -------------------------------------------------------------------------
CODE
  Relative segment, address: CODE 000005CA - 000005D3 (0xa bytes), align: 1
  Segment part 16.            Intra module refs:   ?EPILOGUE_B1_L09
           ENTRY                   ADDRESS         REF BY
           =====                   =======         ======
           ?EPILOGUE_B0_L09        000005CA 

    -------------------------------------------------------------------------
  LIBRARY MODULE, NAME : ?REGISTER_CGREGR4_L10

  SEGMENTS IN THE MODULE
  ======================
CODE
  Relative segment, address: CODE 000005D4, align: 1
  Segment part 0.
           ENTRY                   ADDRESS         REF BY
           =====                   =======         ======
           ?Register_R4_is_cg_reg
                                   000005D4        main (main)
                                                   strtok (?strtok)

    -------------------------------------------------------------------------
  LIBRARY MODULE, NAME : ?REGISTER_CGREGR5_L10

  SEGMENTS IN THE MODULE
  ======================
CODE
  Relative segment, address: CODE 000005D4, align: 1
  Segment part 0.
           ENTRY                   ADDRESS         REF BY
           =====                   =======         ======
           ?Register_R5_is_cg_reg
                                   000005D4        main (main)
                                                   strtok (?strtok)

    -------------------------------------------------------------------------
  LIBRARY MODULE, NAME : ?REGISTER_CGREGR6_L10

  SEGMENTS IN THE MODULE
  ======================
CODE
  Relative segment, address: CODE 000005D4, align: 1
  Segment part 0.
           ENTRY                   ADDRESS         REF BY
           =====                   =======         ======
           ?Register_R6_is_cg_reg
                                   000005D4        main (main)

    -------------------------------------------------------------------------
  LIBRARY MODULE, NAME : ?REGISTER_CGREGR7_L10

  SEGMENTS IN THE MODULE
  ======================
CODE
  Relative segment, address: CODE 000005D4, align: 1
  Segment part 0.
           ENTRY                   ADDRESS         REF BY
           =====                   =======         ======
           ?Register_R7_is_cg_reg
                                   000005D4        main (main)

    -------------------------------------------------------------------------
  LIBRARY MODULE, NAME : ?low_level_init

  SEGMENTS IN THE MODULE
  ======================
CODE
  Relative segment, address: CODE 000005D4 - 000005D7 (0x4 bytes), align: 1
  Segment part 3.
           ENTRY                   ADDRESS         REF BY
           =====                   =======         ======
           __low_level_init        000005D4        ?call_low_level_init (?C_STARTUP)

    -------------------------------------------------------------------------
  LIBRARY MODULE, NAME : ?memchr

  SEGMENTS IN THE MODULE
  ======================
CODE
  Relative segment, address: CODE 000005D8 - 000005F7 (0x20 bytes), align: 1
  Segment part 4.
           ENTRY                   ADDRESS         REF BY
           =====                   =======         ======
           __iar_Memchr            000005D8        memchr (main)

    -------------------------------------------------------------------------
  LIBRARY MODULE, NAME : ?memcmp

  SEGMENTS IN THE MODULE
  ======================
CODE
  Relative segment, address: CODE 000005F8 - 00000625 (0x2e bytes), align: 1
  Segment part 3.
           ENTRY                   ADDRESS         REF BY
           =====                   =======         ======
           memcmp                  000005F8        test1 (main)

    -------------------------------------------------------------------------
  LIBRARY MODULE, NAME : ?memcpy

  SEGMENTS IN THE MODULE
  ======================
CODE
  Relative segment, address: CODE 00000626 - 0000063F (0x1a bytes), align: 1
  Segment part 3.
           ENTRY                   ADDRESS         REF BY
           =====                   =======         ======
           memcpy                  00000626        test1 (main)

    -------------------------------------------------------------------------
  LIBRARY MODULE, NAME : ?memmove

  SEGMENTS IN THE MODULE
  ======================
CODE
  Relative segment, address: CODE 00000640 - 0000067F (0x40 bytes), align: 1
  Segment part 3.
           ENTRY                   ADDRESS         REF BY
           =====                   =======         ======
           memmove                 00000640        test1 (main)

    -------------------------------------------------------------------------
  LIBRARY MODULE, NAME : ?memset

  SEGMENTS IN THE MODULE
  ======================
CODE
  Relative segment, address: CODE 00000680 - 00000691 (0x12 bytes), align: 1
  Segment part 3.
           ENTRY                   ADDRESS         REF BY
           =====                   =======         ======
           memset                  00000680        test1 (main)

    -------------------------------------------------------------------------
  LIBRARY MODULE, NAME : ?segment_init

  SEGMENTS IN THE MODULE
  ======================
CODE
  Relative segment, address: CODE 00000692 - 00000699 (0x8 bytes), align: 1
  Segment part 3.             Intra module refs:   __segment_init
           LOCAL                   ADDRESS         
           =====                   =======         
           __memclr                00000692 
    -------------------------------------------------------------------------
CODE
  Relative segment, address: CODE 0000069A - 000006A5 (0xc bytes), align: 1
  Segment part 4.             Intra module refs:   __segment_init
           LOCAL                   ADDRESS         
           =====                   =======         
           __flashcpy              0000069A 
    -------------------------------------------------------------------------
CODE
  Relative segment, address: CODE 000006A6 - 000006B1 (0xc bytes), align: 1
  Segment part 5.             Intra module refs:   __flashcpy
                                                   __memclr
    -------------------------------------------------------------------------
CODE
  Relative segment, address: CODE 000006B2 - 00000713 (0x62 bytes), align: 1
  Segment part 6.
           ENTRY                   ADDRESS         REF BY
           =====                   =======         ======
           __segment_init          000006B2        ?need_segment_init (?C_STARTUP)
               calls direct

    -------------------------------------------------------------------------
  LIBRARY MODULE, NAME : ?strcat

  SEGMENTS IN THE MODULE
  ======================
CODE
  Relative segment, address: CODE 00000714 - 00000735 (0x22 bytes), align: 1
  Segment part 3.
           ENTRY                   ADDRESS         REF BY
           =====                   =======         ======
           strcat                  00000714        test1 (main)

    -------------------------------------------------------------------------
  LIBRARY MODULE, NAME : ?strchr

  SEGMENTS IN THE MODULE
  ======================
CODE
  Relative segment, address: CODE 00000736 - 00000749 (0x14 bytes), align: 1
  Segment part 4.
           ENTRY                   ADDRESS         REF BY
           =====                   =======         ======
           __iar_Strchr            00000736        strchr (main)

    -------------------------------------------------------------------------
  LIBRARY MODULE, NAME : ?strcmp

  SEGMENTS IN THE MODULE
  ======================
CODE
  Relative segment, address: CODE 0000074A - 00000777 (0x2e bytes), align: 1
  Segment part 3.
           ENTRY                   ADDRESS         REF BY
           =====                   =======         ======
           strcmp                  0000074A        test1 (main)

    -------------------------------------------------------------------------
  LIBRARY MODULE, NAME : ?strcpy

  SEGMENTS IN THE MODULE
  ======================
CODE
  Relative segment, address: CODE 00000778 - 0000078F (0x18 bytes), align: 1
  Segment part 3.
           ENTRY                   ADDRESS         REF BY
           =====                   =======         ======
           strcpy                  00000778        main (main)
                                                   test1 (main)

    -------------------------------------------------------------------------
  LIBRARY MODULE, NAME : ?strcspn

  SEGMENTS IN THE MODULE
  ======================
CODE
  Relative segment, address: CODE 00000790 - 000007B7 (0x28 bytes), align: 1
  Segment part 3.
           ENTRY                   ADDRESS         REF BY
           =====                   =======         ======
           strcspn                 00000790        strtok (?strtok)

    -------------------------------------------------------------------------
  LIBRARY MODULE, NAME : ?strlen

  SEGMENTS IN THE MODULE
  ======================
CODE
  Relative segment, address: CODE 000007B8 - 000007CB (0x14 bytes), align: 1
  Segment part 3.
           ENTRY                   ADDRESS         REF BY
           =====                   =======         ======
           strlen                  000007B8        main (main)
                                                   test1 (main)

    -------------------------------------------------------------------------
  LIBRARY MODULE, NAME : ?strncat

  SEGMENTS IN THE MODULE
  ======================
CODE
  Relative segment, address: CODE 000007CC - 00000801 (0x36 bytes), align: 1
  Segment part 3.
           ENTRY                   ADDRESS         REF BY
           =====                   =======         ======
           strncat                 000007CC        test1 (main)

    -------------------------------------------------------------------------
  LIBRARY MODULE, NAME : ?strncmp

  SEGMENTS IN THE MODULE
  ======================
CODE
  Relative segment, address: CODE 00000802 - 00000837 (0x36 bytes), align: 1
  Segment part 3.
           ENTRY                   ADDRESS         REF BY
           =====                   =======         ======
           strncmp                 00000802        test1 (main)

    -------------------------------------------------------------------------
  LIBRARY MODULE, NAME : ?strncpy

  SEGMENTS IN THE MODULE
  ======================
CODE
  Relative segment, address: CODE 00000838 - 00000863 (0x2c bytes), align: 1
  Segment part 3.
           ENTRY                   ADDRESS         REF BY
           =====                   =======         ======
           strncpy                 00000838        test1 (main)

    -------------------------------------------------------------------------
  LIBRARY MODULE, NAME : ?strpbrk

  SEGMENTS IN THE MODULE
  ======================
CODE
  Relative segment, address: CODE 00000864 - 0000088D (0x2a bytes), align: 1
  Segment part 4.
           ENTRY                   ADDRESS         REF BY
           =====                   =======         ======
           __iar_Strpbrk           00000864        strpbrk (main)

    -------------------------------------------------------------------------
  LIBRARY MODULE, NAME : ?strrchr

  SEGMENTS IN THE MODULE
  ======================
CODE
  Relative segment, address: CODE 0000088E - 000008A7 (0x1a bytes), align: 1
  Segment part 4.
           ENTRY                   ADDRESS         REF BY
           =====                   =======         ======
           __iar_Strrchr           0000088E        strrchr (main)

    -------------------------------------------------------------------------
  LIBRARY MODULE, NAME : ?strspn

  SEGMENTS IN THE MODULE
  ======================
CODE
  Relative segment, address: CODE 000008A8 - 000008CF (0x28 bytes), align: 1
  Segment part 3.
           ENTRY                   ADDRESS         REF BY
           =====                   =======         ======
           strspn                  000008A8        strtok (?strtok)

    -------------------------------------------------------------------------
  LIBRARY MODULE, NAME : ?strstr

  SEGMENTS IN THE MODULE
  ======================
CODE
  Relative segment, address: CODE 000008D0 - 00000921 (0x52 bytes), align: 1
  Segment part 4.
           ENTRY                   ADDRESS         REF BY
           =====                   =======         ======
           __iar_Strstr            000008D0        strstr (main)

    -------------------------------------------------------------------------
  LIBRARY MODULE, NAME : ?strtok

  SEGMENTS IN THE MODULE
  ======================
NEAR_Z
  Relative segment, address: DATA 0000017C - 0000017D (0x2 bytes), align: 0
  Segment part 3.             Intra module refs:   strtok
    -------------------------------------------------------------------------
CODE
  Relative segment, address: CODE 00000922 - 0000098D (0x6c bytes), align: 1
  Segment part 6.
           ENTRY                   ADDRESS         REF BY
           =====                   =======         ======
           strtok                  00000922        test1 (main)
               calls direct

    -------------------------------------------------------------------------
  LIBRARY MODULE, NAME : ?__exit

  SEGMENTS IN THE MODULE
  ======================
CODE
  Relative segment, address: CODE 0000098E - 0000098F (0x2 bytes), align: 1
  Segment part 3.
           ENTRY                   ADDRESS         REF BY
           =====                   =======         ======
           __exit                  0000098E        Segment part 5 (?_exit)

    *************************************************************************

  DEFINED ABSOLUTE ENTRIES
  PROGRAM MODULE, NAME : ?FILLER_BYTES

  SEGMENTS IN THE MODULE
  ======================
INTVEC
  Common segment, address: CODE 00000000 - 00000003 (0x4 bytes), align: 0
  Segment part 1.
    -------------------------------------------------------------------------
?FILL1
  Relative segment, address: CODE 00000004 - 0000008B (0x88 bytes), align: 0
  Segment part 0.




                ****************************************
                *                                      *
                *      SEGMENTS IN ADDRESS ORDER       *
                *                                      *
                ****************************************


SEGMENT              SPACE    START ADDRESS   END ADDRESS     SIZE  TYPE  ALIGN
=======              =====    =============   ===========     ====  ====  =====
INTVEC               CODE          00000000 - 00000003           4   com    1
?FILL1               CODE          00000004 - 0000008B          88   rel    0
CODE                 CODE          0000008C - 0000098F         904   rel    1
INITTAB              CODE          00000990 - 0000099D           E   rel    0
NEAR_ID              CODE          0000099E - 000009D9          3C   rel    0
ABSOLUTE             DATA               0000001C                     rel    0
                     DATA               0000001D                   
                     DATA               0000001E                   
                     DATA               0000001F                   
                     DATA          00000036 - 00000037           2 
                     DATA          00000039 - 0000003A           2 
CSTACK               DATA          00000100 - 0000011F          20   dse    0
RSTACK               DATA          00000120 - 0000013F          20   dse    0
NEAR_I               DATA          00000140 - 0000017B          3C   rel    0
NEAR_Z               DATA          0000017C - 0000017D           2   rel    0

                ****************************************
                *                                      *
                *        END OF CROSS REFERENCE        *
                *                                      *
                ****************************************

 2 386 bytes of CODE memory (+            136 range fill )
   126 bytes of DATA memory (+ 4 absolute )

Errors: none
Warnings: none

