################################################################################
#                                                                              #
#      IAR Universal Linker V6.3.2.73                                          #
#                                                                              #
#           Link time     =  03/Aug/2015  13:43:11                             #
#           Target CPU    =  A90                                               #
#           List file     =  C:\Users\alex\Documents\IAR\Debug\List\test.map   #
#           Output file 1 =  C:\Users\alex\Documents\IAR\Debug\Exe\test.a90    #
#                            Format: intel-extended                            #
#           Command line  =  C:\Users\alex\Documents\IAR\Debug\Obj\main.r90    #
#                            -o                                                #
#                            C:\Users\alex\Documents\IAR\Debug\Exe\test.a90    #
#                            -Fintel-extended -l                               #
#                            C:\Users\alex\Documents\IAR\Debug\List\test.map   #
#                            -xms                                              #
#                            "-IC:\Program Files (x86)\IAR Systems\Embedded Wo #
#                            rkbench 7.2\avr\LIB\"                             #
#                            -f                                                #
#                            "C:\Program Files (x86)\IAR Systems\Embedded Work #
#                            bench 7.2\avr\src\template\cfgm128.xcl"           #
#                            (-D_..X_INTVEC_SIZE=8C -D_..X_FLASH_NEND=FFFF     #
#                            -D_..X_FLASH_END=1FFFF -D_..X_SRAM_BASE=100       #
#                            -D_..X_SRAM_TBASE=0 -D_..X_SRAM_TSIZE=0           #
#                            -D_..X_SRAM_END=10FF -D_..X_EEPROM_END=FFF        #
#                            -D_..X_EEPROM_START=0) -D_..X_HEAP_SIZE=10        #
#                            -D_..X_TINY_HEAP_SIZE=0 -D_..X_NEAR_HEAP_SIZE=0   #
#                            -D_..X_FAR_HEAP_SIZE=0 -D_..X_HUGE_HEAP_SIZE=0    #
#                            -D_..X_CSTACK_SIZE=20 -D_..X_RSTACK_SIZE=20       #
#                            -D_..X_FLASH_CODE_END=1FFFF -f                    #
#                            "C:\Program Files (x86)\IAR Systems\Embedded Work #
#                            bench 7.2\avr\src\template\cfg3soim.xcl"          #
#                            (-ca90 -w29                                       #
#                            -Z(CODE)INTVEC=0-(_..X_INTVEC_SIZE-1)             #
#                            -Z(CODE)TINY_F=_..X_FLASH_BASE-FF                 #
#                            -Z(CODE)NEAR_F=_..X_FLASH_BASE-_..X_FLASH_NEND    #
#                            -Z(CODE)SWITCH=_..X_FLASH_BASE-_..X_FLASH_NEND    #
#                            -Z(CODE)DIFUNCT=_..X_FLASH_BASE-_..X_FLASH_NEND   #
#                            -Z(CODE)CODE=_..X_FLASH_BASE-_..X_FLASH_END       #
#                            -P(CODE)FAR_F=[_..X_FLASH_BASE-_..X_FLASH_END]/10 #
#                            000                                               #
#                            -Z(CODE)INITTAB=_..X_FLASH_BASE-_..X_FLASH_END    #
#                            -Z(CODE)HUGE_F=_..X_FLASH_BASE-_..X_FLASH_END     #
#                            -Z(CODE)TINY_ID=_..X_FLASH_BASE-_..X_FLASH_END    #
#                            -Z(CODE)NEAR_ID=_..X_FLASH_BASE-_..X_FLASH_END    #
#                            -Z(CODE)CHECKSUM#_..X_FLASH_END                   #
#                            -Z(DATA)TINY_I,TINY_Z,TINY_N=_..X_SRAM_TBASE:+_.. #
#                            X_SRAM_TSIZE                                      #
#                            -Z(DATA)CSTACK+_..X_CSTACK_SIZE=_..X_CSTACK_BASE- #
#                            _..X_CSTACK_END                                   #
#                            -Z(DATA)HEAP+_..X_HEAP_SIZE=_..X_SRAM_BASE-_..X_S #
#                            RAM_END                                           #
#                            -Z(DATA)IOSTREAM_N#_..X_SRAM_BASE-_..X_SRAM_END   #
#                            -Z(DATA)NEAR_HEAP+_..X_NEAR_HEAP_SIZE=_..X_SRAM_B #
#                            ASE-_..X_SRAM_END                                 #
#                            -Z(DATA)RSTACK+_..X_RSTACK_SIZE=_..X_RSTACK_BASE- #
#                            _..X_RSTACK_END                                   #
#                            -Z(DATA)NEAR_I,NEAR_Z,NEAR_N=_..X_SRAM_BASE-_..X_ #
#                            SRAM_END                                          #
#                            -Z(XDATA)EEPROM_I,EEPROM_N=_..X_EEPROM_START-_..X #
#                            _EEPROM_END)                                      #
#                            -D_..X_FLASH_BASE=_..X_INTVEC_SIZE -H1895         #
#                            -h(CODE)0-(_..X_INTVEC_SIZE-1)                    #
#                            -D_..X_EXT_SRAM_BASE=_..X_SRAM_END                #
#                            -D_..X_EXT_SRAM_SIZE=0                            #
#                            -D_..X_EXT_ROM_BASE=_..X_SRAM_END                 #
#                            -D_..X_EXT_ROM_SIZE=0                             #
#                            -D_..X_EXT_NV_BASE=_..X_SRAM_END                  #
#                            -D_..X_EXT_NV_SIZE=0                              #
#                            -D_..X_CSTACK_BASE=_..X_SRAM_BASE                 #
#                            -D_..X_CSTACK_END=_..X_SRAM_END                   #
#                            -D_..X_RSTACK_BASE=_..X_SRAM_BASE                 #
#                            -D_..X_RSTACK_END=_..X_SRAM_END -s                #
#                            __program_start                                   #
#                            "C:\Program Files (x86)\IAR Systems\Embedded Work #
#                            bench 7.2\avr\LIB\CLIB\cl3s-ec_mul.r90"           #
#                            -e_large_write=_formatted_write                   #
#                            -e_large_read=_formatted_read                     #
#                                                                              #
#                           Copyright (C) 1987-2015 IAR Systems AB.            #
################################################################################





                ****************************************
                *                                      *
                *           CROSS REFERENCE            *
                *                                      *
                ****************************************

       Program entry at : CODE      00000260  Relocatable, from module : ?C_STARTUP




                ****************************************
                *                                      *
                *            RUNTIME MODEL             *
                *                                      *
                ****************************************

  R4              = REG
  R5              = REG
  R6              = REG
  __64bit_doubles = disabled
  __SystemLibrary = CLib
  __cpu           = 3
  __cpu_name      = ATmega128
  __enhanced_core = enabled
  __has_elpm      = true
  __memory_model  = 2
  __no_rampd      = enabled
  __rt_version    = 3
  __tiny_avr      = false

                ****************************************
                *                                      *
                *    AUTOMATIC SYMBOL REDIRECTIONS     *
                *                                      *
                ****************************************

                  There are no automatic symbol redirections.



                ****************************************
                *                                      *
                *              MODULE MAP              *
                *                                      *
                ****************************************


  DEFINED ABSOLUTE ENTRIES
  PROGRAM MODULE, NAME : ?ABS_ENTRY_MOD

Absolute parts
           ENTRY                   ADDRESS         REF BY
           =====                   =======         ======
           _..X_RSTACK_END         000010FF 
           _..X_RSTACK_BASE        00000100 
           _..X_CSTACK_END         000010FF 
           _..X_CSTACK_BASE        00000100 
           _..X_EXT_NV_SIZE        00000000 
           _..X_EXT_NV_BASE        000010FF 
           _..X_EXT_ROM_SIZE       00000000 
           _..X_EXT_ROM_BASE       000010FF 
           _..X_EXT_SRAM_SIZE      00000000 
           _..X_EXT_SRAM_BASE      000010FF 
           _..X_FLASH_BASE         0000008C 
           _..X_FLASH_CODE_END     0001FFFF 
           _..X_RSTACK_SIZE        00000020 
           _..X_CSTACK_SIZE        00000020 
           _..X_HUGE_HEAP_SIZE     00000000 
           _..X_FAR_HEAP_SIZE      00000000 
           _..X_NEAR_HEAP_SIZE     00000000 
           _..X_TINY_HEAP_SIZE     00000000 
           _..X_HEAP_SIZE          00000010 
           _..X_EEPROM_START       00000000 
           _..X_EEPROM_END         00000FFF 
           _..X_SRAM_END           000010FF 
           _..X_SRAM_TSIZE         00000000 
           _..X_SRAM_TBASE         00000000 
           _..X_SRAM_BASE          00000100 
           _..X_FLASH_END          0001FFFF 
           _..X_FLASH_NEND         0000FFFF 
           _..X_INTVEC_SIZE        0000008C 
    *************************************************************************

  FILE NAME : C:\Users\alex\Documents\IAR\Debug\Obj\main.r90
  PROGRAM MODULE, NAME : main

  SEGMENTS IN THE MODULE
  ======================
ABSOLUTE
  Relative segment, address: DATA 00000036 - 00000036 (0x1 bytes), align: 0
  Segment part 1. ROOT        Intra module refs:   main
           ENTRY                   ADDRESS         REF BY
           =====                   =======         ======
           _A_PINB                 00000036 
           LOCAL                   ADDRESS         
           =====                   =======         
           PINB                    00000036 
    -------------------------------------------------------------------------
ABSOLUTE
  Relative segment, address: DATA 00000037 - 00000037 (0x1 bytes), align: 0
  Segment part 2. ROOT        Intra module refs:   main
           ENTRY                   ADDRESS         REF BY
           =====                   =======         ======
           _A_DDRB                 00000037 
           LOCAL                   ADDRESS         
           =====                   =======         
           DDRB                    00000037 
    -------------------------------------------------------------------------
ABSOLUTE
  Relative segment, address: DATA 00000039 - 00000039 (0x1 bytes), align: 0
  Segment part 3. ROOT        Intra module refs:   main
           ENTRY                   ADDRESS         REF BY
           =====                   =======         ======
           _A_PINA                 00000039 
           LOCAL                   ADDRESS         
           =====                   =======         
           PINA                    00000039 
    -------------------------------------------------------------------------
ABSOLUTE
  Relative segment, address: DATA 0000003A - 0000003A (0x1 bytes), align: 0
  Segment part 4. ROOT        Intra module refs:   main
           ENTRY                   ADDRESS         REF BY
           =====                   =======         ======
           _A_DDRA                 0000003A 
           LOCAL                   ADDRESS         
           =====                   =======         
           DDRA                    0000003A 
    -------------------------------------------------------------------------
NEAR_I
  Relative segment, address: DATA 00000140 - 00000158 (0x19 bytes), align: 0
  Segment part 11.            Intra module refs:   test1
    -------------------------------------------------------------------------
NEAR_I
  Relative segment, address: DATA 00000159 - 00000172 (0x1a bytes), align: 0
  Segment part 14.            Intra module refs:   main
    -------------------------------------------------------------------------
NEAR_I
  Relative segment, address: DATA 00000173 - 0000017B (0x9 bytes), align: 0
  Segment part 18.            Intra module refs:   test1
           ENTRY                   ADDRESS         REF BY
           =====                   =======         ======
           fstr2                   00000173 
    -------------------------------------------------------------------------
CODE
  Relative segment, address: CODE 0000008C - 00000195 (0x10a bytes), align: 1
  Segment part 22.            Intra module refs:   main
           ENTRY                   ADDRESS         REF BY
           =====                   =======         ======
           test1                   0000008C 
               calls direct
    -------------------------------------------------------------------------
CODE
  Relative segment, address: CODE 00000196 - 00000259 (0xc4 bytes), align: 1
  Segment part 23.
           ENTRY                   ADDRESS         REF BY
           =====                   =======         ======
           main                    00000196        ?cstartup_call_main (?C_STARTUP)
               calls direct
    -------------------------------------------------------------------------
ABSOLUTE
  Relative segment, address: DATA 0000001C, align: 0
  Segment part 5. ROOT 
           ENTRY                   ADDRESS         REF BY
           =====                   =======         ======
           __?EECR                 0000001C 
    -------------------------------------------------------------------------
ABSOLUTE
  Relative segment, address: DATA 0000001D, align: 0
  Segment part 6. ROOT 
           ENTRY                   ADDRESS         REF BY
           =====                   =======         ======
           __?EEDR                 0000001D 
    -------------------------------------------------------------------------
ABSOLUTE
  Relative segment, address: DATA 0000001E, align: 0
  Segment part 7. ROOT 
           ENTRY                   ADDRESS         REF BY
           =====                   =======         ======
           __?EEARL                0000001E 
    -------------------------------------------------------------------------
ABSOLUTE
  Relative segment, address: DATA 0000001F, align: 0
  Segment part 8. ROOT 
           ENTRY                   ADDRESS         REF BY
           =====                   =======         ======
           __?EEARH                0000001F 
    -------------------------------------------------------------------------
NEAR_ID
  Relative segment, address: CODE 00000965 - 0000097D (0x19 bytes), align: 0
  Segment part 12.            Intra module refs:   Segment part 11
    -------------------------------------------------------------------------
INITTAB
  Relative segment, address: CODE 0000095E - 00000964 (0x7 bytes), align: 0
  Segment part 13.            Intra module refs:   Segment part 11
                                                   Segment part 14
                                                   Segment part 3 (?strtok)
                                                   Segment part 6 (?strtok)
                                                   fstr2
           ENTRY                   ADDRESS         REF BY
           =====                   =======         ======
           ?<Segment init: NEAR_I>
                                   0000095E 
    -------------------------------------------------------------------------
NEAR_ID
  Relative segment, address: CODE 0000097E - 00000997 (0x1a bytes), align: 0
  Segment part 15.            Intra module refs:   Segment part 14
    -------------------------------------------------------------------------
NEAR_ID
  Relative segment, address: CODE 00000998 - 000009A0 (0x9 bytes), align: 0
  Segment part 19.            Intra module refs:   fstr2

    *************************************************************************

  FILE NAME : C:\Program Files (x86)\IAR Systems\Embedded Workbench 7.2\avr\LIB\CLIB\cl3s-ec_mul.r90
  LIBRARY MODULE, NAME : ?__exit

  SEGMENTS IN THE MODULE
  ======================
CODE
  Relative segment, address: CODE 0000025A - 0000025F (0x6 bytes), align: 1
  Segment part 0.
           ENTRY                   ADDRESS         REF BY
           =====                   =======         ======
           __exit                  0000025C 
           ?C_EXIT                 0000025C 
           ?C_FUNCALL              0000025A 
           _exit                   0000025A        ?cstartup_call_main (?C_STARTUP)
           exit                    0000025A        ?cstartup_call_main (?C_STARTUP)

    -------------------------------------------------------------------------
  LIBRARY MODULE, NAME : ?RESET

  SEGMENTS IN THE MODULE
  ======================
INTVEC
  Common segment, address: CODE 00000000 - 00000003 (0x4 bytes), align: 1
  Segment part 0. ROOT 
           ENTRY                   ADDRESS         REF BY
           =====                   =======         ======
           ?RESET                  00000000        Segment part 2 (?C_STARTUP)

    -------------------------------------------------------------------------
  LIBRARY MODULE, NAME : ?C_STARTUP

  SEGMENTS IN THE MODULE
  ======================
CODE
  Relative segment, address: CODE 00000260, align: 1
  Segment part 2.
           ENTRY                   ADDRESS         REF BY
           =====                   =======         ======
           __program_start         00000260        Absolute parts (?ABS_ENTRY_MOD)
           ?C_STARTUP              00000260        ?RESET (?RESET)
           __RESTART               00000260 
    -------------------------------------------------------------------------
CODE
  Relative segment, address: CODE 00000260 - 0000026B (0xc bytes), align: 1
  Segment part 5.             Intra module refs:   Segment part 2
    -------------------------------------------------------------------------
CODE
  Relative segment, address: CODE 0000026C - 0000026F (0x4 bytes), align: 1
  Segment part 7.             Intra module refs:   Segment part 5
           ENTRY                   ADDRESS         REF BY
           =====                   =======         ======
           ?call_low_level_init    0000026C 
    -------------------------------------------------------------------------
CODE
  Relative segment, address: CODE 00000270 - 00000277 (0x8 bytes), align: 1
  Segment part 8.
           ENTRY                   ADDRESS         REF BY
           =====                   =======         ======
           ?need_segment_init      00000270        ?<Segment init: NEAR_I> (main)
    -------------------------------------------------------------------------
CODE
  Relative segment, address: CODE 00000278 - 00000283 (0xc bytes), align: 1
  Segment part 9.             Intra module refs:   ?call_low_level_init
           ENTRY                   ADDRESS         REF BY
           =====                   =======         ======
           ?cstartup_call_main     00000278 

    -------------------------------------------------------------------------
  LIBRARY MODULE, NAME : ?UL_SHR_L03

  SEGMENTS IN THE MODULE
  ======================
CODE
  Relative segment, address: CODE 00000284 - 00000291 (0xe bytes), align: 1
  Segment part 0.
           ENTRY                   ADDRESS         REF BY
           =====                   =======         ======
           ?UL_SHR_L03             0000028C        ?SKIP8 (?FLOATS_L04)

    -------------------------------------------------------------------------
  LIBRARY MODULE, NAME : ?SL_DIVMOD_L03

  SEGMENTS IN THE MODULE
  ======================
CODE
  Relative segment, address: CODE 00000292 - 000002A1 (0x10 bytes), align: 1
  Segment part 1.
           ENTRY                   ADDRESS         REF BY
           =====                   =======         ======
           ?L_NEG_L03              00000292        ?SKIP8 (?FLOATS_L04)
                                                   ?SL2F_L04 (?FLOATS_L04)

    -------------------------------------------------------------------------
  LIBRARY MODULE, NAME : ?FLOATS_L04

  SEGMENTS IN THE MODULE
  ======================
CODE
  Relative segment, address: CODE 000002A2 - 000002B5 (0x14 bytes), align: 1
  Segment part 0.             Intra module refs:   ?F_ADD_L04
                                                   ?F_MUL_L04
           LOCAL                   ADDRESS         
           =====                   =======         
           ?F_UNPACK_L04           000002A2 
    -------------------------------------------------------------------------
CODE
  Relative segment, address: CODE 000002B6 - 000002CB (0x16 bytes), align: 1
  Segment part 1.             Intra module refs:   ?F2SL_L04
                                                   ?F_UNPACK_L04
           LOCAL                   ADDRESS         
           =====                   =======         
           ?F_UNPACK_1_L04         000002B6 
    -------------------------------------------------------------------------
CODE
  Relative segment, address: CODE 000002CC - 0000031F (0x54 bytes), align: 1
  Segment part 2.             Intra module refs:   ?F_ADD_L04
                                                   ?F_MUL_L04
                                                   ?SL2F_2_L04
           ENTRY                   ADDRESS         REF BY
           =====                   =======         ======
           ?F_ROUND_L04            000002EC 
           LOCAL                   ADDRESS         
           =====                   =======         
           ?F_NORMALIZE_L04        000002DA 
    -------------------------------------------------------------------------
CODE
  Relative segment, address: CODE 00000320 - 00000321 (0x2 bytes), align: 1
  Segment part 4.             Intra module refs:   ?F_ROUND_L04
    -------------------------------------------------------------------------
CODE
  Relative segment, address: CODE 00000322 - 0000032B (0xa bytes), align: 1
  Segment part 5.
           ENTRY                   ADDRESS         REF BY
           =====                   =======         ======
           ?SL2F_L04               00000322        main (main)
    -------------------------------------------------------------------------
CODE
  Relative segment, address: CODE 0000032C - 00000337 (0xc bytes), align: 1
  Segment part 6.             Intra module refs:   ?SL2F_L04
           LOCAL                   ADDRESS         
           =====                   =======         
           ?SL2F_2_L04             0000032C 
    -------------------------------------------------------------------------
CODE
  Relative segment, address: CODE 00000338 - 00000349 (0x12 bytes), align: 1
  Segment part 9.
           ENTRY                   ADDRESS         REF BY
           =====                   =======         ======
           ?F2SL_L04               00000338        main (main)
    -------------------------------------------------------------------------
CODE
  Relative segment, address: CODE 0000034A - 0000036D (0x24 bytes), align: 1
  Segment part 10.            Intra module refs:   ?F2SL_L04
           LOCAL                   ADDRESS         
           =====                   =======         
           ?SKIP8                  0000034A 
    -------------------------------------------------------------------------
CODE
  Relative segment, address: CODE 0000036E - 0000039B (0x2e bytes), align: 1
  Segment part 11.            Intra module refs:   ?F_ADD_L04
                                                   ?F_MUL_L04
                                                   ?TEST_Q
           ENTRY                   ADDRESS         REF BY
           =====                   =======         ======
           ?TEST_P_L04             0000036E 
    -------------------------------------------------------------------------
CODE
  Relative segment, address: CODE 0000039C - 000003BB (0x20 bytes), align: 1
  Segment part 12.            Intra module refs:   ?F_ADD_L04
                                                   ?F_MUL_L04
                                                   Segment part 19
           LOCAL                   ADDRESS         
           =====                   =======         
           ?TEST_Q                 0000039C 
    -------------------------------------------------------------------------
CODE
  Relative segment, address: CODE 000003BC - 00000463 (0xa8 bytes), align: 1
  Segment part 13.            Intra module refs:   Segment part 19
           ENTRY                   ADDRESS         REF BY
           =====                   =======         ======
           ?F_ADD_L04              000003DC 
    -------------------------------------------------------------------------
CODE
  Relative segment, address: CODE 00000464 - 00000469 (0x6 bytes), align: 1
  Segment part 15.            Intra module refs:   ?F2SL_L04
                                                   ?F_MUL_L04
                                                   ?SKIP8
           ENTRY                   ADDRESS         REF BY
           =====                   =======         ======
           ?F_ZERO_L04             00000464 
    -------------------------------------------------------------------------
CODE
  Relative segment, address: CODE 0000046A - 0000046F (0x6 bytes), align: 1
  Segment part 16.            Intra module refs:   ?F_INFINITE_L04
                                                   ?F_NAN_L04
                                                   ?F_ZERO_L04
           LOCAL                   ADDRESS         
           =====                   =======         
           PX                      0000046A 
    -------------------------------------------------------------------------
CODE
  Relative segment, address: CODE 00000470 - 00000477 (0x8 bytes), align: 1
  Segment part 17.            Intra module refs:   ?F_MUL_L04
                                                   Segment part 4
           ENTRY                   ADDRESS         REF BY
           =====                   =======         ======
           ?F_INFINITE_L04         00000470 
    -------------------------------------------------------------------------
CODE
  Relative segment, address: CODE 00000478 - 0000047D (0x6 bytes), align: 1
  Segment part 18.            Intra module refs:   ?F_ADD_L04
                                                   ?F_MUL_L04
                                                   Segment part 19
           ENTRY                   ADDRESS         REF BY
           =====                   =======         ======
           ?F_NAN_L04              00000478 
    -------------------------------------------------------------------------
CODE
  Relative segment, address: CODE 0000047E - 00000497 (0x1a bytes), align: 1
  Segment part 19.            Intra module refs:   ?F_MUL_L04
    -------------------------------------------------------------------------
CODE
  Relative segment, address: CODE 00000498 - 0000056D (0xd6 bytes), align: 1
  Segment part 20.
           ENTRY                   ADDRESS         REF BY
           =====                   =======         ======
           ?F_MUL_L04              00000498        main (main)

    -------------------------------------------------------------------------
  LIBRARY MODULE, NAME : ?MOVE_LONG_L07

  SEGMENTS IN THE MODULE
  ======================
CODE
  Relative segment, address: CODE 0000056E - 00000583 (0x16 bytes), align: 1
  Segment part 0.
           ENTRY                   ADDRESS         REF BY
           =====                   =======         ======
           ?ML_SRAM_SRAM_16_L07    0000056E        main (main)
                                                   test1 (main)

    -------------------------------------------------------------------------
  LIBRARY MODULE, NAME : ?PROLOGUE_L09

  SEGMENTS IN THE MODULE
  ======================
CODE
  Relative segment, address: CODE 00000584 - 00000585 (0x2 bytes), align: 1
  Segment part 10.
           ENTRY                   ADDRESS         REF BY
           =====                   =======         ======
           ?PROLOGUE6_L09          00000584        strtok (?strtok)
    -------------------------------------------------------------------------
CODE
  Relative segment, address: CODE 00000586 - 00000587 (0x2 bytes), align: 1
  Segment part 11.            Intra module refs:   ?PROLOGUE6_L09
           ENTRY                   ADDRESS         REF BY
           =====                   =======         ======
           ?PROLOGUE5_L09          00000586 
    -------------------------------------------------------------------------
CODE
  Relative segment, address: CODE 00000588 - 00000589 (0x2 bytes), align: 1
  Segment part 12.            Intra module refs:   ?PROLOGUE5_L09
           ENTRY                   ADDRESS         REF BY
           =====                   =======         ======
           ?PROLOGUE4_L09          00000588        strspn (?strspn)
                                                   strstr (?strstr)
    -------------------------------------------------------------------------
CODE
  Relative segment, address: CODE 0000058A - 0000058B (0x2 bytes), align: 1
  Segment part 13.            Intra module refs:   ?PROLOGUE4_L09
           ENTRY                   ADDRESS         REF BY
           =====                   =======         ======
           ?PROLOGUE3_L09          0000058A 
    -------------------------------------------------------------------------
CODE
  Relative segment, address: CODE 0000058C - 0000058D (0x2 bytes), align: 1
  Segment part 14.            Intra module refs:   ?PROLOGUE3_L09
           ENTRY                   ADDRESS         REF BY
           =====                   =======         ======
           ?PROLOGUE2_L09          0000058C 
    -------------------------------------------------------------------------
CODE
  Relative segment, address: CODE 0000058E - 0000058F (0x2 bytes), align: 1
  Segment part 15.            Intra module refs:   ?PROLOGUE2_L09
           ENTRY                   ADDRESS         REF BY
           =====                   =======         ======
           ?PROLOGUE1_L09          0000058E 
    -------------------------------------------------------------------------
CODE
  Relative segment, address: CODE 00000590 - 00000591 (0x2 bytes), align: 1
  Segment part 16.            Intra module refs:   ?PROLOGUE1_L09

    -------------------------------------------------------------------------
  LIBRARY MODULE, NAME : ?EPILOGUE_B_L09

  SEGMENTS IN THE MODULE
  ======================
CODE
  Relative segment, address: CODE 00000592 - 00000593 (0x2 bytes), align: 1
  Segment part 10.
           ENTRY                   ADDRESS         REF BY
           =====                   =======         ======
           ?EPILOGUE_B6_L09        00000592        strtok (?strtok)
    -------------------------------------------------------------------------
CODE
  Relative segment, address: CODE 00000594 - 00000595 (0x2 bytes), align: 1
  Segment part 11.            Intra module refs:   ?EPILOGUE_B6_L09
           ENTRY                   ADDRESS         REF BY
           =====                   =======         ======
           ?EPILOGUE_B5_L09        00000594 
    -------------------------------------------------------------------------
CODE
  Relative segment, address: CODE 00000596 - 00000597 (0x2 bytes), align: 1
  Segment part 12.            Intra module refs:   ?EPILOGUE_B5_L09
           ENTRY                   ADDRESS         REF BY
           =====                   =======         ======
           ?EPILOGUE_B4_L09        00000596        strspn (?strspn)
                                                   strstr (?strstr)
    -------------------------------------------------------------------------
CODE
  Relative segment, address: CODE 00000598 - 00000599 (0x2 bytes), align: 1
  Segment part 13.            Intra module refs:   ?EPILOGUE_B4_L09
           ENTRY                   ADDRESS         REF BY
           =====                   =======         ======
           ?EPILOGUE_B3_L09        00000598 
    -------------------------------------------------------------------------
CODE
  Relative segment, address: CODE 0000059A - 0000059B (0x2 bytes), align: 1
  Segment part 14.            Intra module refs:   ?EPILOGUE_B3_L09
           ENTRY                   ADDRESS         REF BY
           =====                   =======         ======
           ?EPILOGUE_B2_L09        0000059A 
    -------------------------------------------------------------------------
CODE
  Relative segment, address: CODE 0000059C - 0000059D (0x2 bytes), align: 1
  Segment part 15.            Intra module refs:   ?EPILOGUE_B2_L09
           ENTRY                   ADDRESS         REF BY
           =====                   =======         ======
           ?EPILOGUE_B1_L09        0000059C 
    -------------------------------------------------------------------------
CODE
  Relative segment, address: CODE 0000059E - 000005A7 (0xa bytes), align: 1
  Segment part 16.            Intra module refs:   ?EPILOGUE_B1_L09
           ENTRY                   ADDRESS         REF BY
           =====                   =======         ======
           ?EPILOGUE_B0_L09        0000059E 

    -------------------------------------------------------------------------
  LIBRARY MODULE, NAME : ?REGISTER_CGREGR4_L10

  SEGMENTS IN THE MODULE
  ======================
CODE
  Relative segment, address: CODE 000005A8, align: 1
  Segment part 0.
           ENTRY                   ADDRESS         REF BY
           =====                   =======         ======
           ?Register_R4_is_cg_reg
                                   000005A8        main (main)
                                                   strtok (?strtok)

    -------------------------------------------------------------------------
  LIBRARY MODULE, NAME : ?REGISTER_CGREGR5_L10

  SEGMENTS IN THE MODULE
  ======================
CODE
  Relative segment, address: CODE 000005A8, align: 1
  Segment part 0.
           ENTRY                   ADDRESS         REF BY
           =====                   =======         ======
           ?Register_R5_is_cg_reg
                                   000005A8        strtok (?strtok)

    -------------------------------------------------------------------------
  LIBRARY MODULE, NAME : ?REGISTER_CGREGR6_L10

  SEGMENTS IN THE MODULE
  ======================
CODE
  Relative segment, address: CODE 000005A8, align: 1
  Segment part 0.
           ENTRY                   ADDRESS         REF BY
           =====                   =======         ======
           ?Register_R6_is_cg_reg
                                   000005A8        main (main)

    -------------------------------------------------------------------------
  LIBRARY MODULE, NAME : ?low_level_init

  SEGMENTS IN THE MODULE
  ======================
CODE
  Relative segment, address: CODE 000005A8 - 000005AB (0x4 bytes), align: 1
  Segment part 3.
           ENTRY                   ADDRESS         REF BY
           =====                   =======         ======
           __low_level_init        000005A8        ?call_low_level_init (?C_STARTUP)

    -------------------------------------------------------------------------
  LIBRARY MODULE, NAME : ?memchr

  SEGMENTS IN THE MODULE
  ======================
CODE
  Relative segment, address: CODE 000005AC - 000005CB (0x20 bytes), align: 1
  Segment part 3.
           ENTRY                   ADDRESS         REF BY
           =====                   =======         ======
           memchr                  000005AC        test1 (main)

    -------------------------------------------------------------------------
  LIBRARY MODULE, NAME : ?memcmp

  SEGMENTS IN THE MODULE
  ======================
CODE
  Relative segment, address: CODE 000005CC - 000005FB (0x30 bytes), align: 1
  Segment part 3.
           ENTRY                   ADDRESS         REF BY
           =====                   =======         ======
           memcmp                  000005CC        test1 (main)

    -------------------------------------------------------------------------
  LIBRARY MODULE, NAME : ?memcpy

  SEGMENTS IN THE MODULE
  ======================
CODE
  Relative segment, address: CODE 000005FC - 00000619 (0x1e bytes), align: 1
  Segment part 3.
           ENTRY                   ADDRESS         REF BY
           =====                   =======         ======
           memcpy                  000005FC        test1 (main)

    -------------------------------------------------------------------------
  LIBRARY MODULE, NAME : ?memmove

  SEGMENTS IN THE MODULE
  ======================
CODE
  Relative segment, address: CODE 0000061A - 00000651 (0x38 bytes), align: 1
  Segment part 3.
           ENTRY                   ADDRESS         REF BY
           =====                   =======         ======
           memmove                 0000061A        test1 (main)
    -------------------------------------------------------------------------
CODE
  Relative segment, address: CODE 00000652 - 0000065B (0xa bytes), align: 1
  Segment part 4.             Intra module refs:   memmove

    -------------------------------------------------------------------------
  LIBRARY MODULE, NAME : ?memset

  SEGMENTS IN THE MODULE
  ======================
CODE
  Relative segment, address: CODE 0000065C - 0000066D (0x12 bytes), align: 1
  Segment part 3.
           ENTRY                   ADDRESS         REF BY
           =====                   =======         ======
           memset                  0000065C        test1 (main)

    -------------------------------------------------------------------------
  LIBRARY MODULE, NAME : ?segment_init

  SEGMENTS IN THE MODULE
  ======================
CODE
  Relative segment, address: CODE 0000066E - 00000675 (0x8 bytes), align: 1
  Segment part 3.             Intra module refs:   __segment_init
           LOCAL                   ADDRESS         
           =====                   =======         
           __memclr                0000066E 
    -------------------------------------------------------------------------
CODE
  Relative segment, address: CODE 00000676 - 00000681 (0xc bytes), align: 1
  Segment part 4.             Intra module refs:   __segment_init
           LOCAL                   ADDRESS         
           =====                   =======         
           __flashcpy              00000676 
    -------------------------------------------------------------------------
CODE
  Relative segment, address: CODE 00000682 - 0000068D (0xc bytes), align: 1
  Segment part 5.             Intra module refs:   __flashcpy
                                                   __memclr
    -------------------------------------------------------------------------
CODE
  Relative segment, address: CODE 0000068E - 000006EF (0x62 bytes), align: 1
  Segment part 6.
           ENTRY                   ADDRESS         REF BY
           =====                   =======         ======
           __segment_init          0000068E        ?need_segment_init (?C_STARTUP)
               calls direct

    -------------------------------------------------------------------------
  LIBRARY MODULE, NAME : ?strcat

  SEGMENTS IN THE MODULE
  ======================
CODE
  Relative segment, address: CODE 000006F0 - 00000713 (0x24 bytes), align: 1
  Segment part 3.
           ENTRY                   ADDRESS         REF BY
           =====                   =======         ======
           strcat                  000006F0        test1 (main)

    -------------------------------------------------------------------------
  LIBRARY MODULE, NAME : ?strchr

  SEGMENTS IN THE MODULE
  ======================
CODE
  Relative segment, address: CODE 00000714 - 00000729 (0x16 bytes), align: 1
  Segment part 3.
           ENTRY                   ADDRESS         REF BY
           =====                   =======         ======
           strchr                  00000714        test1 (main)

    -------------------------------------------------------------------------
  LIBRARY MODULE, NAME : ?strcmp

  SEGMENTS IN THE MODULE
  ======================
CODE
  Relative segment, address: CODE 0000072A - 00000755 (0x2c bytes), align: 1
  Segment part 3.
           ENTRY                   ADDRESS         REF BY
           =====                   =======         ======
           strcmp                  0000072A        test1 (main)

    -------------------------------------------------------------------------
  LIBRARY MODULE, NAME : ?strcpy

  SEGMENTS IN THE MODULE
  ======================
CODE
  Relative segment, address: CODE 00000756 - 0000076B (0x16 bytes), align: 1
  Segment part 3.
           ENTRY                   ADDRESS         REF BY
           =====                   =======         ======
           strcpy                  00000756        main (main)
                                                   test1 (main)

    -------------------------------------------------------------------------
  LIBRARY MODULE, NAME : ?strcspn

  SEGMENTS IN THE MODULE
  ======================
CODE
  Relative segment, address: CODE 0000076C - 00000793 (0x28 bytes), align: 1
  Segment part 3.
           ENTRY                   ADDRESS         REF BY
           =====                   =======         ======
           strcspn                 0000076C        strtok (?strtok)

    -------------------------------------------------------------------------
  LIBRARY MODULE, NAME : ?strlen

  SEGMENTS IN THE MODULE
  ======================
CODE
  Relative segment, address: CODE 00000794 - 000007A7 (0x14 bytes), align: 1
  Segment part 3.
           ENTRY                   ADDRESS         REF BY
           =====                   =======         ======
           strlen                  00000794        main (main)
                                                   test1 (main)

    -------------------------------------------------------------------------
  LIBRARY MODULE, NAME : ?strncat

  SEGMENTS IN THE MODULE
  ======================
CODE
  Relative segment, address: CODE 000007A8 - 000007D3 (0x2c bytes), align: 1
  Segment part 3.
           ENTRY                   ADDRESS         REF BY
           =====                   =======         ======
           strncat                 000007A8        test1 (main)

    -------------------------------------------------------------------------
  LIBRARY MODULE, NAME : ?strncmp

  SEGMENTS IN THE MODULE
  ======================
CODE
  Relative segment, address: CODE 000007D4 - 0000080D (0x3a bytes), align: 1
  Segment part 3.
           ENTRY                   ADDRESS         REF BY
           =====                   =======         ======
           strncmp                 000007D4        test1 (main)

    -------------------------------------------------------------------------
  LIBRARY MODULE, NAME : ?strncpy

  SEGMENTS IN THE MODULE
  ======================
CODE
  Relative segment, address: CODE 0000080E - 00000831 (0x24 bytes), align: 1
  Segment part 3.
           ENTRY                   ADDRESS         REF BY
           =====                   =======         ======
           strncpy                 0000080E        test1 (main)
    -------------------------------------------------------------------------
CODE
  Relative segment, address: CODE 00000832 - 0000083B (0xa bytes), align: 1
  Segment part 4.             Intra module refs:   strncpy

    -------------------------------------------------------------------------
  LIBRARY MODULE, NAME : ?strpbrk

  SEGMENTS IN THE MODULE
  ======================
CODE
  Relative segment, address: CODE 0000083C - 00000865 (0x2a bytes), align: 1
  Segment part 3.
           ENTRY                   ADDRESS         REF BY
           =====                   =======         ======
           strpbrk                 0000083C        test1 (main)

    -------------------------------------------------------------------------
  LIBRARY MODULE, NAME : ?strrchr

  SEGMENTS IN THE MODULE
  ======================
CODE
  Relative segment, address: CODE 00000866 - 00000883 (0x1e bytes), align: 1
  Segment part 3.
           ENTRY                   ADDRESS         REF BY
           =====                   =======         ======
           strrchr                 00000866        test1 (main)

    -------------------------------------------------------------------------
  LIBRARY MODULE, NAME : ?strspn

  SEGMENTS IN THE MODULE
  ======================
CODE
  Relative segment, address: CODE 00000884 - 000008AF (0x2c bytes), align: 1
  Segment part 3.
           ENTRY                   ADDRESS         REF BY
           =====                   =======         ======
           strspn                  00000884        strtok (?strtok)

    -------------------------------------------------------------------------
  LIBRARY MODULE, NAME : ?strstr

  SEGMENTS IN THE MODULE
  ======================
CODE
  Relative segment, address: CODE 000008B0 - 000008F7 (0x48 bytes), align: 1
  Segment part 3.
           ENTRY                   ADDRESS         REF BY
           =====                   =======         ======
           strstr                  000008B0        test1 (main)

    -------------------------------------------------------------------------
  LIBRARY MODULE, NAME : ?strtok

  SEGMENTS IN THE MODULE
  ======================
CODE
  Relative segment, address: CODE 000008F8 - 0000095D (0x66 bytes), align: 1
  Segment part 8.
           ENTRY                   ADDRESS         REF BY
           =====                   =======         ======
           strtok                  000008F8        test1 (main)
               calls direct
    -------------------------------------------------------------------------
NEAR_I
  Relative segment, address: DATA 0000017C - 0000017C (0x1 bytes), align: 0
  Segment part 3.             Intra module refs:   Segment part 7
                                                   strtok
    -------------------------------------------------------------------------
NEAR_I
  Relative segment, address: DATA 0000017D - 0000017E (0x2 bytes), align: 0
  Segment part 6.             Intra module refs:   strtok
    -------------------------------------------------------------------------
NEAR_ID
  Relative segment, address: CODE 000009A1 - 000009A1 (0x1 bytes), align: 0
  Segment part 4.             Intra module refs:   Segment part 3
    -------------------------------------------------------------------------
NEAR_ID
  Relative segment, address: CODE 000009A2 - 000009A3 (0x2 bytes), align: 0
  Segment part 7.             Intra module refs:   Segment part 6

    *************************************************************************

  DEFINED ABSOLUTE ENTRIES
  PROGRAM MODULE, NAME : ?FILLER_BYTES

  SEGMENTS IN THE MODULE
  ======================
INTVEC
  Common segment, address: CODE 00000000 - 00000003 (0x4 bytes), align: 0
  Segment part 1.
    -------------------------------------------------------------------------
?FILL1
  Relative segment, address: CODE 00000004 - 0000008B (0x88 bytes), align: 0
  Segment part 0.




                ****************************************
                *                                      *
                *      SEGMENTS IN ADDRESS ORDER       *
                *                                      *
                ****************************************


SEGMENT              SPACE    START ADDRESS   END ADDRESS     SIZE  TYPE  ALIGN
=======              =====    =============   ===========     ====  ====  =====
INTVEC               CODE          00000000 - 00000003           4   com    1
?FILL1               CODE          00000004 - 0000008B          88   rel    0
CODE                 CODE          0000008C - 0000095D         8D2   rel    1
INITTAB              CODE          0000095E - 00000964           7   rel    0
NEAR_ID              CODE          00000965 - 000009A3          3F   rel    0
ABSOLUTE             DATA               0000001C                     rel    0
                     DATA               0000001D                   
                     DATA               0000001E                   
                     DATA               0000001F                   
                     DATA          00000036 - 00000037           2 
                     DATA          00000039 - 0000003A           2 
CSTACK               DATA          00000100 - 0000011F          20   dse    0
RSTACK               DATA          00000120 - 0000013F          20   dse    0
NEAR_I               DATA          00000140 - 0000017E          3F   rel    0

                ****************************************
                *                                      *
                *        END OF CROSS REFERENCE        *
                *                                      *
                ****************************************

 2 332 bytes of CODE memory (+            136 range fill )
   127 bytes of DATA memory (+ 4 absolute )

Errors: none
Warnings: none

